[www.ansonika.com/citytours/index.html]
[backblue.gif]
[fade.gif]
[index.html]
[www.ansonika.com/citytours/img/favicon.ico]
[www.ansonika.com/citytours/img/apple-touch-icon-57x57-precomposed.png]
[www.ansonika.com/citytours/img/apple-touch-icon-72x72-precomposed.png]
[www.ansonika.com/citytours/img/apple-touch-icon-114x114-precomposed.png]
[www.ansonika.com/citytours/img/apple-touch-icon-144x144-precomposed.png]
[www.ansonika.com/citytours/wishlist.html]
[www.ansonika.com/citytours/index-2.html]
[www.ansonika.com/citytours/img/logo_sticky.png]
[www.ansonika.com/citytours/index_21.html]
[www.ansonika.com/citytours/index_22.html]
[www.ansonika.com/citytours/index_23.html]
[www.ansonika.com/citytours/index_24.html]
[www.ansonika.com/citytours/index_20.html]
[www.ansonika.com/citytours/index_14.html]
[www.ansonika.com/citytours/index_15.html]
[www.ansonika.com/citytours/index_17.html]
[www.ansonika.com/citytours/index_16.html]
[www.ansonika.com/citytours/index_19.html]
[www.ansonika.com/citytours/index_18.html]
[www.ansonika.com/citytours/index_12.html]
[www.ansonika.com/citytours/index_2.html]
[www.ansonika.com/citytours/index_3.html]
[www.ansonika.com/citytours/index_4.html]
[www.ansonika.com/citytours/index_7.html]
[www.ansonika.com/citytours/index_13.html]
[www.ansonika.com/citytours/index_5.html]
[www.ansonika.com/citytours/index_6.html]
[www.ansonika.com/citytours/index_8.html]
[www.ansonika.com/citytours/index_9.html]
[www.ansonika.com/citytours/index_10.html]
[www.ansonika.com/citytours/index_11.html]
[www.ansonika.com/citytours/all_tours_list.html]
[www.ansonika.com/citytours/all_tours_grid.html]
[www.ansonika.com/citytours/all_tours_grid_masonry.html]
[www.ansonika.com/citytours/all_tours_map_listing.html]
[www.ansonika.com/citytours/single_tour.html]
[www.ansonika.com/citytours/single_tour_with_gallery.html]
[www.ansonika.com/citytours/single_tour_fixed_sidebar.html]
[www.ansonika.com/citytours/single_tour_with_gallery_fixed_sidebar.html]
[www.ansonika.com/citytours/cart_fixed_sidebar.html]
[www.ansonika.com/citytours/payment_fixed_sidebar.html]
[www.ansonika.com/citytours/confirmation_fixed_sidebar.html]
[www.ansonika.com/citytours/single_tour_working_booking.html]
[www.ansonika.com/citytours/cart.html]
[www.ansonika.com/citytours/payment.html]
[www.ansonika.com/citytours/all_hotels_list.html]
[www.ansonika.com/citytours/all_hotels_grid.html]
[www.ansonika.com/citytours/all_hotels_grid_masonry.html]
[www.ansonika.com/citytours/all_hotels_map_listing.html]
[www.ansonika.com/citytours/single_hotel.html]
[www.ansonika.com/citytours/single_hotel_working_booking.html]
[www.ansonika.com/citytours/single_hotel_contact.html]
[www.ansonika.com/citytours/cart_hotel.html]
[www.ansonika.com/citytours/payment_hotel.html]
[www.ansonika.com/citytours/confirmation_hotel.html]
[www.ansonika.com/citytours/all_transfer_list.html]
[www.ansonika.com/citytours/all_transfer_grid.html]
[www.ansonika.com/citytours/all_transfer_grid_masonry.html]
[www.ansonika.com/citytours/single_transfer.html]
[www.ansonika.com/citytours/cart_transfer.html]
[www.ansonika.com/citytours/payment_transfer.html]
[www.ansonika.com/citytours/confirmation_transfer.html]
[www.ansonika.com/citytours/all_restaurants_list.html]
[www.ansonika.com/citytours/all_restaurants_grid.html]
[www.ansonika.com/citytours/all_restaurants_grid_masonry.html]
[www.ansonika.com/citytours/all_restaurants_map_listing.html]
[www.ansonika.com/citytours/single_restaurant.html]
[www.ansonika.com/citytours/payment_restaurant.html]
[www.ansonika.com/citytours/confirmation_restaurant.html]
[www.ansonika.com/citytours/header_2.html]
[www.ansonika.com/citytours/header_3.html]
[www.ansonika.com/citytours/header_4.html]
[www.ansonika.com/citytours/header_5.html]
[www.ansonika.com/citytours/header_6.html]
[www.ansonika.com/citytours/header_7.html]
[www.ansonika.com/citytours/footer_2.html]
[www.ansonika.com/citytours/footer_3.html]
[www.ansonika.com/citytours/footer_4.html]
[www.ansonika.com/citytours/footer_5.html]
[www.ansonika.com/citytours/footer_6.html]
[www.ansonika.com/citytours/footer_7.html]
[www.ansonika.com/citytours/shop.html]
[www.ansonika.com/citytours/shop-single.html]
[www.ansonika.com/citytours/shopping-cart.html]
[www.ansonika.com/citytours/checkout.html]
[www.ansonika.com/citytours/about.html]
[www.ansonika.com/citytours/general_page.html]
[www.ansonika.com/citytours/tourist_guide.html]
[www.ansonika.com/citytours/faq.html]
[www.ansonika.com/citytours/faq_2.html]
[www.ansonika.com/citytours/pricing_tables.html]
[www.ansonika.com/citytours/gallery_3_columns.html]
[www.ansonika.com/citytours/gallery_4_columns.html]
[www.ansonika.com/citytours/grid_gallery_1.html]
[www.ansonika.com/citytours/grid_gallery_2.html]
[www.ansonika.com/citytours/contact_us_1.html]
[www.ansonika.com/citytours/contact_us_2.html]
[www.ansonika.com/citytours/blog_right_sidebar.html]
[www.ansonika.com/citytours/blog.html]
[www.ansonika.com/citytours/login.html]
[www.ansonika.com/citytours/register.html]
[www.ansonika.com/citytours/invoice.html]
[www.ansonika.com/citytours/404.html]
[www.ansonika.com/citytours/site_launch/index.html]
[www.ansonika.com/citytours/timeline.html]
[www.ansonika.com/citytours/page_with_map.html]
[www.ansonika.com/citytours/icon_pack_1.html]
[www.ansonika.com/citytours/icon_pack_2.html]
[www.ansonika.com/citytours/icon_pack_3.html]
[www.ansonika.com/citytours/icon_pack_4.html]
[www.ansonika.com/citytours/icon_pack_5.html]
[www.ansonika.com/citytours/shortcodes.html]
[www.ansonika.com/citytours/newsletter_template/newsletter.html]
[www.ansonika.com/citytours/admin.html]
[www.ansonika.com/citytours/html_rtl/index.html]
[www.ansonika.com/citytours/img/thumb_cart_1.jpg]
[www.ansonika.com/citytours/img/thumb_cart_2.jpg]
[www.ansonika.com/citytours/img/thumb_cart_3.jpg]
[www.ansonika.com/citytours/rev-slider-files/assets/slide_4.jpg]
[www.ansonika.com/citytours/rev-slider-files/assets/slide_5.jpg]
[www.ansonika.com/citytours/rev-slider-files/assets/slide_6.jpg]
[www.ansonika.com/citytours/img/img_cat_home_1.jpg]
[www.ansonika.com/citytours/img/img_cat_home_2.jpg]
[www.ansonika.com/citytours/img/img_cat_home_3.jpg]
[www.ansonika.com/citytours/img/img_cat_home_4.jpg]
[www.ansonika.com/citytours/img/tour_box_1.jpg]
[www.ansonika.com/citytours/img/tour_box_2.jpg]
[www.ansonika.com/citytours/img/tour_box_3.jpg]
[www.ansonika.com/citytours/img/tour_box_4.jpg]
[www.ansonika.com/citytours/img/tour_box_14.jpg]
[www.ansonika.com/citytours/img/hotel_1.jpg]
[www.ansonika.com/citytours/img/hotel_2.jpg]
[www.ansonika.com/citytours/img/hotel_3.jpg]
[www.ansonika.com/citytours/img/hotel_4.jpg]
[www.ansonika.com/citytours/img/hotel_5.jpg]
[www.ansonika.com/citytours/img/news_home_1.jpg]
[www.ansonika.com/citytours/img/news_home_2.jpg]
[www.ansonika.com/citytours/img/news_home_3.jpg]
[www.ansonika.com/citytours/img/news_home_4.jpg]
[www.ansonika.com/citytours/js/jquery-3.6.0.min.js]
[www.ansonika.com/citytours/js/common_scripts_min.js]
[www.ansonika.com/citytours/js/functions.js]
[www.ansonika.com/citytours/js/switcher.js]
[www.ansonika.com/citytours/rev-slider-files/js/jquery.themepunch.tools.min.js]
[www.ansonika.com/citytours/rev-slider-files/js/jquery.themepunch.revolution.min.js]
[www.ansonika.com/citytours/rev-slider-files/js/extensions/revolution.extension.actions.min.js]
[www.ansonika.com/citytours/rev-slider-files/js/extensions/revolution.extension.kenburn.min.js]
[www.ansonika.com/citytours/rev-slider-files/js/extensions/revolution.extension.layeranimation.min.js]
[www.ansonika.com/citytours/rev-slider-files/js/extensions/revolution.extension.migration.min.js]
[www.ansonika.com/citytours/rev-slider-files/js/extensions/revolution.extension.navigation.min.js]
[www.ansonika.com/citytours/rev-slider-files/js/extensions/revolution.extension.slideanims.min.js]
[www.ansonika.com/citytours/rev-slider-files/js/extensions/revolution.addon.slicey.min.js]
[www.ansonika.com/citytours/index.html]
[www.ansonika.com/citytours/css/bootstrap.min.css]
[www.ansonika.com/citytours/js/notify_func.js]
[www.ansonika.com/citytours/img/logo.png]
[www.ansonika.com/citytours/img/logo_sticky_colored.png]
[www.ansonika.com/citytours/img/logo_2x.png]
[www.ansonika.com/citytours/img/logo_sticky_2x.png]
[www.ansonika.com/citytours/img/logo_sticky_colored_2x.png]
[www.ansonika.com/citytours/img/header_bg.jpg]
[www.ansonika.com/citytours/img/arrow_down_2.png]
[www.ansonika.com/citytours/img/search-bt.png]
[www.ansonika.com/citytours/img/minus.png]
[www.ansonika.com/citytours/img/plus.png]
[www.ansonika.com/citytours/img/features-intro-01.jpg]
[www.ansonika.com/citytours/img/tape.png]
[www.ansonika.com/citytours/img/bg_login.jpg]
[www.ansonika.com/citytours/img/down_arrow_select.png]
[www.ansonika.com/citytours/img/down_arrow_select_filters.png]
[www.ansonika.com/citytours/img/ribbon_popular.png]
[www.ansonika.com/citytours/img/ribbon_top_rated.png]
[www.ansonika.com/citytours/img/banner_bg.png]
[www.ansonika.com/citytours/img/shadow-bg.png]
[www.ansonika.com/citytours/img/banner_bg_colored.png]
[www.ansonika.com/citytours/img/slide_hero.jpg]
[www.ansonika.com/citytours/img/ribbon.png]
[www.ansonika.com/citytours/img/badge_save.png]
[www.ansonika.com/citytours/img/home_bg_2.jpg]
[www.ansonika.com/citytours/img/pattern_3.png]
[www.ansonika.com/citytours/img/pattern_4.png]
[www.ansonika.com/citytours/img/pattern_5.png]
[www.ansonika.com/citytours/img/banner_bg_desktop.jpg]
[www.ansonika.com/citytours/img/hero_3.jpg]
[www.ansonika.com/citytours/css/style.css]
[www.ansonika.com/citytours/css/fontello/font/fontello4508.eot]
[www.ansonika.com/citytours/css/fontello/font/fontello4508.woff]
[www.ansonika.com/citytours/css/fontello/font/icon_set_10367.eot]
[www.ansonika.com/citytours/css/fontello/font/icon_set_10367.woff]
[www.ansonika.com/citytours/css/fontello/font/icon_set_22249.eot]
[www.ansonika.com/citytours/css/fontello/font/icon_set_22249.woff]
[www.ansonika.com/citytours/css/icon_restaurant/fonts/Glyphter.eot]
[www.ansonika.com/citytours/css/icon_restaurant/fonts/Glyphterd41d.eot]
[www.ansonika.com/citytours/css/icon_restaurant/fonts/Glyphter.woff]
[www.ansonika.com/citytours/css/new_icons/font/Pe-icon-7-strokebb1d.eot]
[www.ansonika.com/citytours/css/new_icons/font/Pe-icon-7-stroked41d.eot]
[www.ansonika.com/citytours/css/new_icons/font/Pe-icon-7-strokebb1d.woff]
[www.ansonika.com/citytours/css/new_icons/font/ElegantIcons.eot]
[www.ansonika.com/citytours/css/new_icons/font/ElegantIconsd41d.eot]
[www.ansonika.com/citytours/css/new_icons/font/ElegantIcons.woff]
[www.ansonika.com/citytours/img/sprite-skin-flat.png]
[www.ansonika.com/citytours/css/owl.video.play.png]
[www.ansonika.com/citytours/css/images/openhand.123]
[www.ansonika.com/citytours/css/vendors.css]
[www.ansonika.com/citytours/css/images/closedhand.123]
[www.ansonika.com/citytours/rev-slider-files/fonts/font-awesome/fonts/fontawesome-webfont3e6e.eot]
[www.ansonika.com/citytours/rev-slider-files/fonts/font-awesome/fonts/fontawesome-webfontd41d.eot]
[www.ansonika.com/citytours/rev-slider-files/fonts/font-awesome/fonts/fontawesome-webfont3e6e.woff]
[www.ansonika.com/citytours/rev-slider-files/fonts/font-awesome/css/font-awesome.css]
[www.ansonika.com/citytours/rev-slider-files/fonts/revicons/revicons90c6.eot]
[www.ansonika.com/citytours/rev-slider-files/fonts/revicons/revicons90c6.woff]
[www.ansonika.com/citytours/rev-slider-files/css/openhand.123]
[www.ansonika.com/citytours/rev-slider-files/css/closedhand.123]
[www.ansonika.com/citytours/rev-slider-files/css/settings.css]
[www.ansonika.com/citytours/rev-slider-files/css/layers.css]
[www.ansonika.com/citytours/rev-slider-files/css/navigation.css]
[www.ansonika.com/citytours/css/custom.css]
[www.ansonika.com/citytours/img/transfer_3.jpg]
[www.ansonika.com/citytours/img/tour_box_5.jpg]
[www.ansonika.com/citytours/js/cat_nav_mobile.js]
[www.ansonika.com/citytours/js/map.js]
[www.ansonika.com/citytours/wishlist.html]
[www.ansonika.com/citytours/index-2.html]
[www.ansonika.com/citytours/js/infobox.js]
[www.ansonika.com/citytours/img/slides/slide_home_3.jpg]
[www.ansonika.com/citytours/img/slides/slide_home_2.jpg]
[www.ansonika.com/citytours/index_21.html]
[www.ansonika.com/citytours/index_22.html]
[www.ansonika.com/citytours/img/slides/slide_home_1.jpg]
[www.ansonika.com/citytours/js/input_qty.js]
[www.ansonika.com/citytours/index_23.html]
[www.ansonika.com/citytours/rev-slider-files/assets/notgeneric_bg1.jpg]
[www.ansonika.com/citytours/rev-slider-files/assets/notgeneric_bg5.jpg]
[www.ansonika.com/citytours/rev-slider-files/assets/blurflake4.png]
[www.ansonika.com/citytours/rev-slider-files/assets/blurflake3.png]
[www.ansonika.com/citytours/rev-slider-files/assets/blurflake2.png]
[www.ansonika.com/citytours/rev-slider-files/assets/blurflake1.png]
[www.ansonika.com/citytours/rev-slider-files/assets/notgeneric_bg2.jpg]
[www.ansonika.com/citytours/rev-slider-files/assets/iceberg.jpg]
[www.ansonika.com/citytours/rev-slider-files/assets/notgeneric_bg3.jpg]
[www.ansonika.com/citytours/img/hotel_6.jpg]
[www.ansonika.com/citytours/img/bus.jpg]
[www.ansonika.com/citytours/img/transfer.jpg]
[www.ansonika.com/citytours/img/guide.jpg]
[www.ansonika.com/citytours/img/hotel.jpg]
[www.ansonika.com/citytours/img/laptop.png]
[www.ansonika.com/citytours/rev-slider-files/js/extensions/revolution.extension.carousel.min.js]
[www.ansonika.com/citytours/rev-slider-files/js/extensions/revolution.extension.parallax.min.js]
[www.ansonika.com/citytours/index_24.html]
[www.ansonika.com/citytours/rev-slider-files/js/extensions/revolution.extension.video.min.js]
[www.ansonika.com/citytours/img/slides_bg/dummy.png]
[www.ansonika.com/citytours/rs-plugin/js/jquery.themepunch.tools.min.js]
[www.ansonika.com/citytours/rs-plugin/js/jquery.themepunch.revolution.min.js]
[www.ansonika.com/citytours/index_20.html]
[www.ansonika.com/citytours/js/revolution_func.js]
[www.ansonika.com/citytours/index_14.html]
[www.ansonika.com/citytours/rev-slider-files/assets/youtubebg.jpg]
[www.ansonika.com/citytours/rev-slider-files/assets/vimeobg.jpg]
[www.ansonika.com/citytours/index_15.html]
[www.ansonika.com/citytours/rev-slider-files/assets/slide_1.jpg]
[www.ansonika.com/citytours/rev-slider-files/assets/slide_2.jpg]
[www.ansonika.com/citytours/rev-slider-files/assets/slide_3.jpg]
[www.ansonika.com/citytours/index_17.html]
[www.ansonika.com/citytours/rev-slider-files/assets/newspaper_bg1.jpg]
[www.ansonika.com/citytours/rev-slider-files/assets/bluebar.png]
[www.ansonika.com/citytours/rev-slider-files/assets/newspaper_bg3.jpg]
[www.ansonika.com/citytours/rev-slider-files/assets/newspaper_bg2.jpg]
[www.ansonika.com/citytours/index_16.html]
[www.ansonika.com/citytours/index_19.html]
[www.ansonika.com/citytours/rev-slider-files/assets/travel1.jpg]
[www.ansonika.com/citytours/rev-slider-files/assets/travel2.jpg]
[www.ansonika.com/citytours/rev-slider-files/assets/travel3.jpg]
[www.ansonika.com/citytours/rev-slider-files/assets/travel4.jpg]
[www.ansonika.com/citytours/index_18.html]
[www.ansonika.com/citytours/img/slides/slide_1.jpg]
[www.ansonika.com/citytours/img/slides/slide_2.jpg]
[www.ansonika.com/citytours/img/slides/slide_3.jpg]
[www.ansonika.com/citytours/img/slides/slide_4.jpg]
[www.ansonika.com/citytours/js/jquery-migrate.min.js]
[www.ansonika.com/citytours/layerslider/js/greensock.js]
[www.ansonika.com/citytours/layerslider/js/layerslider.transitions.js]
[www.ansonika.com/citytours/layerslider/js/layerslider.kreaturamedia.jquery.js]
[www.ansonika.com/citytours/index_12.html]
[www.ansonika.com/citytours/img/tour_box_8.jpg]
[www.ansonika.com/citytours/img/tour_box_9.jpg]
[www.ansonika.com/citytours/img/tour_box_12.jpg]
[www.ansonika.com/citytours/index_2.html]
[www.ansonika.com/citytours/index_3.html]
[www.ansonika.com/citytours/img/video_fix.png]
[www.ansonika.com/citytours/js/modernizr.js]
[www.ansonika.com/citytours/js/video_header.js]
[www.ansonika.com/citytours/index_4.html]
[www.ansonika.com/citytours/img/icons_search/sightseeing.png]
[www.ansonika.com/citytours/img/icons_search/museums.png]
[www.ansonika.com/citytours/img/icons_search/historic.png]
[www.ansonika.com/citytours/img/icons_search/walking.png]
[www.ansonika.com/citytours/img/icons_search/eat.png]
[www.ansonika.com/citytours/img/icons_search/churches.png]
[www.ansonika.com/citytours/img/icons_search/skyline.png]
[www.ansonika.com/citytours/img/icons_search/fast_food.png]
[www.ansonika.com/citytours/img/icons_search/pizza_italian.png]
[www.ansonika.com/citytours/img/icons_search/international.png]
[www.ansonika.com/citytours/img/icons_search/japanese.png]
[www.ansonika.com/citytours/img/icons_search/chinese.png]
[www.ansonika.com/citytours/img/icons_search/bar.png]
[www.ansonika.com/citytours/js/jquery.ddslick.js]
[www.ansonika.com/citytours/index_7.html]
[www.ansonika.com/citytours/img/thumb_home_tabs_1.jpg]
[www.ansonika.com/citytours/img/thumb_home_tabs_2.jpg]
[www.ansonika.com/citytours/img/thumb_home_tabs_3.jpg]
[www.ansonika.com/citytours/img/thumb_home_tabs_4.jpg]
[www.ansonika.com/citytours/img/thumb_home_tabs_5.jpg]
[www.ansonika.com/citytours/img/thumb_home_tabs_6.jpg]
[www.ansonika.com/citytours/img/thumb_home_tabs_7.jpg]
[www.ansonika.com/citytours/img/thumb_home_tabs_8.jpg]
[www.ansonika.com/citytours/img/thumb_home_tabs_9.jpg]
[www.ansonika.com/citytours/img/thumb_home_tabs_10.jpg]
[www.ansonika.com/citytours/img/restaurant_box_1.jpg]
[www.ansonika.com/citytours/img/restaurant_box_2.jpg]
[www.ansonika.com/citytours/img/restaurant_box_3.jpg]
[www.ansonika.com/citytours/js/tabs.js]
[www.ansonika.com/citytours/index_13.html]
[www.ansonika.com/citytours/js/map_home.js]
[www.ansonika.com/citytours/index_5.html]
[www.ansonika.com/citytours/index_6.html]
[www.ansonika.com/citytours/index_8.html]
[www.ansonika.com/citytours/index_9.html]
[www.ansonika.com/citytours/js/morphext.min.js]
[www.ansonika.com/citytours/index_10.html]
[www.ansonika.com/citytours/js/jquery.cookiebar.js]
[www.ansonika.com/citytours/js/pop_up.min.js]
[www.ansonika.com/citytours/js/pop_up_func.js]
[www.ansonika.com/citytours/index_11.html]
[www.ansonika.com/citytours/all_tours_list.html]
[www.ansonika.com/citytours/all_tours_grid.html]
[www.ansonika.com/citytours/all_tours_grid_masonry.html]
[www.ansonika.com/citytours/js/isotope.min.js]
[www.ansonika.com/citytours/js/map_listing_tours.js]
[www.ansonika.com/citytours/all_tours_map_listing.html]
[www.ansonika.com/citytours/img/avatar1.jpg]
[www.ansonika.com/citytours/img/avatar3.jpg]
[www.ansonika.com/citytours/img/avatar2.jpg]
[www.ansonika.com/citytours/single_tour.html]
[www.ansonika.com/citytours/assets/validate.js]
[www.ansonika.com/citytours/css/images/blank.gif]
[www.ansonika.com/citytours/img/slider_single_tour/1_large.jpg]
[www.ansonika.com/citytours/img/slider_single_tour/2_large.jpg]
[www.ansonika.com/citytours/img/slider_single_tour/3_large.jpg]
[www.ansonika.com/citytours/img/slider_single_tour/4_large.jpg]
[www.ansonika.com/citytours/img/slider_single_tour/5_large.jpg]
[www.ansonika.com/citytours/img/slider_single_tour/6_large.jpg]
[www.ansonika.com/citytours/img/slider_single_tour/7_large.jpg]
[www.ansonika.com/citytours/img/slider_single_tour/8_large.jpg]
[www.ansonika.com/citytours/img/slider_single_tour/9_large.jpg]
[www.ansonika.com/citytours/img/slider_single_tour/1_medium.jpg]
[www.ansonika.com/citytours/img/slider_single_tour/2_medium.jpg]
[www.ansonika.com/citytours/img/slider_single_tour/3_medium.jpg]
[www.ansonika.com/citytours/img/slider_single_tour/4_medium.jpg]
[www.ansonika.com/citytours/img/slider_single_tour/5_medium.jpg]
[www.ansonika.com/citytours/img/slider_single_tour/6_medium.jpg]
[www.ansonika.com/citytours/img/slider_single_tour/7_medium.jpg]
[www.ansonika.com/citytours/img/slider_single_tour/8_medium.jpg]
[www.ansonika.com/citytours/img/slider_single_tour/9_medium.jpg]
[www.ansonika.com/citytours/js/jquery.sliderPro.min.js]
[www.ansonika.com/citytours/single_tour_with_gallery.html]
[www.ansonika.com/citytours/js/theia-sticky-sidebar.js]
[www.ansonika.com/citytours/single_tour_fixed_sidebar.html]
[www.ansonika.com/citytours/single_tour_with_gallery_fixed_sidebar.html]
[www.ansonika.com/citytours/confirmation.html]
[www.ansonika.com/citytours/cart_fixed_sidebar.html]
[www.ansonika.com/citytours/img/cards.png]
[www.ansonika.com/citytours/img/icon_ccv.gif]
[www.ansonika.com/citytours/img/paypal_bt.png]
[www.ansonika.com/citytours/payment_fixed_sidebar.html]
[www.ansonika.com/citytours/confirmation_fixed_sidebar.html]
[www.ansonika.com/citytours/single_tour_working_booking.html]
[www.ansonika.com/citytours/cart.html]
[www.ansonika.com/citytours/payment.html]
[www.ansonika.com/citytours/js/jquery.validate.js]
[www.ansonika.com/citytours/all_hotels_list.html]
[www.ansonika.com/citytours/all_hotels_grid.html]
[www.ansonika.com/citytours/all_hotels_grid_masonry.html]
[www.ansonika.com/citytours/js/map_hotels.js]
[www.ansonika.com/citytours/all_hotels_map_listing.html]
[www.ansonika.com/citytours/js/map_listing_hotels.js]
[www.ansonika.com/citytours/img/carousel/1.jpg]
[www.ansonika.com/citytours/img/carousel/2.jpg]
[www.ansonika.com/citytours/img/carousel/3.jpg]
[www.ansonika.com/citytours/img/carousel/4.jpg]
[www.ansonika.com/citytours/single_hotel.html]
[www.ansonika.com/citytours/single_hotel_working_booking.html]
[www.ansonika.com/citytours/single_hotel_contact.html]
[www.ansonika.com/citytours/cart_hotel.html]
[www.ansonika.com/citytours/payment_hotel.html]
[www.ansonika.com/citytours/confirmation_hotel.html]
[www.ansonika.com/citytours/img/transfer_2.jpg]
[www.ansonika.com/citytours/img/transfer_1.jpg]
[www.ansonika.com/citytours/all_transfer_list.html]
[www.ansonika.com/citytours/all_transfer_grid.html]
[www.ansonika.com/citytours/all_transfer_grid_masonry.html]
[www.ansonika.com/citytours/img/transfer_4.jpg]
[www.ansonika.com/citytours/js/map_transfer.js]
[www.ansonika.com/citytours/single_transfer.html]
[www.ansonika.com/citytours/cart_transfer.html]
[www.ansonika.com/citytours/payment_transfer.html]
[www.ansonika.com/citytours/confirmation_transfer.html]
[www.ansonika.com/citytours/img/restaurant_box_4.jpg]
[www.ansonika.com/citytours/img/restaurant_box_5.jpg]
[www.ansonika.com/citytours/img/restaurant_box_6.jpg]
[www.ansonika.com/citytours/js/map_restaurants.js]
[www.ansonika.com/citytours/all_restaurants_list.html]
[www.ansonika.com/citytours/img/restaurant_box_7.jpg]
[www.ansonika.com/citytours/img/restaurant_box_8.jpg]
[www.ansonika.com/citytours/all_restaurants_grid.html]
[www.ansonika.com/citytours/all_restaurants_grid_masonry.html]
[www.ansonika.com/citytours/js/map_listing_restaurants.js]
[www.ansonika.com/citytours/all_restaurants_map_listing.html]
[www.ansonika.com/citytours/single_restaurant.html]
[www.ansonika.com/citytours/payment_restaurant.html]
[www.ansonika.com/citytours/confirmation_restaurant.html]
[www.ansonika.com/citytours/header_2.html]
[www.ansonika.com/citytours/header_3.html]
[www.ansonika.com/citytours/header_4.html]
[www.ansonika.com/citytours/header_5.html]
[www.ansonika.com/citytours/js/map_single_restaurant.js]
[www.ansonika.com/citytours/js/jquery.selectbox-0.2.js]
[www.ansonika.com/citytours/header_6.html]
[www.ansonika.com/citytours/header_7.html]
[www.ansonika.com/citytours/footer_2.html]
[www.ansonika.com/citytours/footer_3.html]
[www.ansonika.com/citytours/footer_4.html]
[www.ansonika.com/citytours/img/payments.png]
[www.ansonika.com/citytours/js/jquery.tweet.min.js]
[www.ansonika.com/citytours/footer_5.html]
[www.ansonika.com/citytours/js/jquery.bxslider.min.js]
[www.ansonika.com/citytours/img/post-thumb-1.jpg]
[www.ansonika.com/citytours/img/post-thumb-2.jpg]
[www.ansonika.com/citytours/footer_6.html]
[www.ansonika.com/citytours/img/post-thumb-3.jpg]
[www.ansonika.com/citytours/img/footergallery1.jpg]
[www.ansonika.com/citytours/img/footergallery2.jpg]
[www.ansonika.com/citytours/img/footergallery3.jpg]
[www.ansonika.com/citytours/img/footergallery4.jpg]
[www.ansonika.com/citytours/img/footergallery5.jpg]
[www.ansonika.com/citytours/footer_7.html]
[www.ansonika.com/citytours/img/footergallery6.jpg]
[www.ansonika.com/citytours/img/products/image-1.jpg]
[www.ansonika.com/citytours/img/products/image-2.jpg]
[www.ansonika.com/citytours/img/products/image-3.jpg]
[www.ansonika.com/citytours/img/products/image-4.jpg]
[www.ansonika.com/citytours/img/products/image-5.jpg]
[www.ansonika.com/citytours/img/products/image-6.jpg]
[www.ansonika.com/citytours/img/products/thumb-1.jpg]
[www.ansonika.com/citytours/img/products/thumb-2.jpg]
[www.ansonika.com/citytours/shop.html]
[www.ansonika.com/citytours/shop-single.html]
[www.ansonika.com/citytours/shopping-cart.html]
[www.ansonika.com/citytours/img/products/thumb-3.jpg]
[www.ansonika.com/citytours/checkout.html]
[www.ansonika.com/citytours/about.html]
[www.ansonika.com/citytours/img/credit-card-icon.png]
[www.ansonika.com/citytours/img/tour_box_13.jpg]
[www.ansonika.com/citytours/img/tour_box_11.jpg]
[www.ansonika.com/citytours/img/bag.png]
[www.ansonika.com/citytours/general_page.html]
[www.ansonika.com/citytours/img/tourist_guide_pic.jpg]
[www.ansonika.com/citytours/img/lang_en.png]
[www.ansonika.com/citytours/img/lang_fr.png]
[www.ansonika.com/citytours/img/lang_de.png]
[www.ansonika.com/citytours/tourist_guide.html]
[www.ansonika.com/citytours/faq.html]
[www.ansonika.com/citytours/faq_2.html]
[www.ansonika.com/citytours/pricing_tables.html]
[www.ansonika.com/citytours/img/lang_es.png]
[www.ansonika.com/citytours/img/notredame.jpg]
[www.ansonika.com/citytours/gallery_3_columns.html]
[www.ansonika.com/citytours/gallery_4_columns.html]
[www.ansonika.com/citytours/img/senna.jpg]
[www.ansonika.com/citytours/js/jquery.finaltilesgallery.js]
[www.ansonika.com/citytours/js/lightbox2.js]
[www.ansonika.com/citytours/grid_gallery_1.html]
[www.ansonika.com/citytours/grid_gallery_2.html]
[www.ansonika.com/citytours/contact_us_1.html]
[www.ansonika.com/citytours/contact_us_2.html]
[www.ansonika.com/citytours/js/map_contact.js]
[www.ansonika.com/citytours/blog_post_right_sidebar.html]
[www.ansonika.com/citytours/img/blog-3.jpg]
[www.ansonika.com/citytours/img/blog-1.jpg]
[www.ansonika.com/citytours/blog_right_sidebar.html]
[www.ansonika.com/citytours/img/blog-2.jpg]
[www.ansonika.com/citytours/blog_post.html]
[www.ansonika.com/citytours/blog.html]
[www.ansonika.com/citytours/login.html]
[www.ansonika.com/citytours/js/pw_strenght.js]
[www.ansonika.com/citytours/register.html]
[www.ansonika.com/citytours/invoice.html]
[www.ansonika.com/citytours/404.html]
[www.ansonika.com/citytours/site_launch/img/favicon.ico]
[www.ansonika.com/citytours/site_launch/img/apple-touch-icon-57x57-precomposed.png]
[www.ansonika.com/citytours/site_launch/img/apple-touch-icon-72x72-precomposed.png]
[www.ansonika.com/citytours/site_launch/img/apple-touch-icon-114x114-precomposed.png]
[www.ansonika.com/citytours/site_launch/img/apple-touch-icon-144x144-precomposed.png]
[www.ansonika.com/citytours/site_launch/img/logo.png]
[www.ansonika.com/citytours/site_launch/img/slide_1.jpg]
[www.ansonika.com/citytours/site_launch/img/slide_2.jpg]
[www.ansonika.com/citytours/site_launch/img/slide_3.jpg]
[www.ansonika.com/citytours/site_launch/js/jquery-2.2.4.min.js]
[www.ansonika.com/citytours/site_launch/js/jquery.animate-enhanced.min.js]
[www.ansonika.com/citytours/site_launch/js/jquery.superslides.min.js]
[www.ansonika.com/citytours/site_launch/js/functions.js]
[www.ansonika.com/citytours/site_launch/assets/validate.js]
[www.ansonika.com/citytours/site_launch/index.html]
[www.ansonika.com/citytours/img/guide_1.jpg]
[www.ansonika.com/citytours/img/guide_2.jpg]
[www.ansonika.com/citytours/timeline.html]
[www.ansonika.com/citytours/js/map_full_page.js]
[www.ansonika.com/citytours/page_with_map.html]
[www.ansonika.com/citytours/icon_pack_1.html]
[www.ansonika.com/citytours/icon_pack_2.html]
[www.ansonika.com/citytours/icon_pack_3.html]
[www.ansonika.com/citytours/icon_pack_4.html]
[www.ansonika.com/citytours/icon_pack_5.html]
[www.ansonika.com/citytours/shortcodes.html]
[www.ansonika.com/citytours/newsletter_template/img/logo.png]
[www.ansonika.com/citytours/newsletter_template/img/fb_bt.jpg]
[www.ansonika.com/citytours/newsletter_template/img/google_pl_bt.jpg]
[www.ansonika.com/citytours/newsletter_template/img/twitter_bt.jpg]
[www.ansonika.com/citytours/newsletter_template/img/main_banner.jpg]
[www.ansonika.com/citytours/newsletter_template/img/logo_small.jpg]
[www.ansonika.com/citytours/newsletter_template/img/icon_1.jpg]
[www.ansonika.com/citytours/newsletter_template/img/green_line.jpg]
[www.ansonika.com/citytours/newsletter_template/img/icon_2.jpg]
[www.ansonika.com/citytours/newsletter_template/img/icon_3.jpg]
[www.ansonika.com/citytours/newsletter_template/img/icon_4.jpg]
[www.ansonika.com/citytours/newsletter_template/img/img_large_1.jpg]
[www.ansonika.com/citytours/newsletter_template/img/img_large_2.jpg]
[www.ansonika.com/citytours/newsletter_template/img/tour_1.jpg]
[www.ansonika.com/citytours/newsletter_template/img/tour_2.jpg]
[www.ansonika.com/citytours/newsletter_template/img/hotel_1.jpg]
[www.ansonika.com/citytours/newsletter_template/img/hotel_2.jpg]
[www.ansonika.com/citytours/newsletter_template/img/hotel_3.jpg]
[www.ansonika.com/citytours/newsletter_template/img/hotel_4.jpg]
[www.ansonika.com/citytours/newsletter_template/img/blog_post.jpg]
[www.ansonika.com/citytours/newsletter_template/img/blog_post_2.jpg]
[www.ansonika.com/citytours/newsletter_template/newsletter.html]
[www.ansonika.com/citytours/newsletter_template/img/bg_footer.jpg]
[www.ansonika.com/citytours/admin.html]
[www.ansonika.com/citytours/html_rtl/img/favicon.ico]
[www.ansonika.com/citytours/html_rtl/img/apple-touch-icon-57x57-precomposed.png]
[www.ansonika.com/citytours/html_rtl/img/apple-touch-icon-72x72-precomposed.png]
[www.ansonika.com/citytours/html_rtl/img/apple-touch-icon-114x114-precomposed.png]
[www.ansonika.com/citytours/html_rtl/img/apple-touch-icon-144x144-precomposed.png]
[www.ansonika.com/citytours/html_rtl/wishlist.html]
[www.ansonika.com/citytours/html_rtl/img/logo_sticky.png]
[www.ansonika.com/citytours/html_rtl/index_22.html]
[www.ansonika.com/citytours/html_rtl/index_23.html]
[www.ansonika.com/citytours/html_rtl/index_24.html]
[www.ansonika.com/citytours/html_rtl/index_20.html]
[www.ansonika.com/citytours/html_rtl/index_14.html]
[www.ansonika.com/citytours/html_rtl/index_15.html]
[www.ansonika.com/citytours/html_rtl/index_17.html]
[www.ansonika.com/citytours/html_rtl/index_21.html]
[www.ansonika.com/citytours/html_rtl/index_16.html]
[www.ansonika.com/citytours/html_rtl/index_19.html]
[www.ansonika.com/citytours/html_rtl/index_18.html]
[www.ansonika.com/citytours/html_rtl/index_12.html]
[www.ansonika.com/citytours/html_rtl/index_2.html]
[www.ansonika.com/citytours/html_rtl/index_3.html]
[www.ansonika.com/citytours/html_rtl/index_4.html]
[www.ansonika.com/citytours/html_rtl/index_7.html]
[www.ansonika.com/citytours/html_rtl/index_13.html]
[www.ansonika.com/citytours/html_rtl/index_5.html]
[www.ansonika.com/citytours/html_rtl/index_6.html]
[www.ansonika.com/citytours/html_rtl/index_8.html]
[www.ansonika.com/citytours/html_rtl/index_9.html]
[www.ansonika.com/citytours/html_rtl/index_10.html]
[www.ansonika.com/citytours/html_rtl/index_11.html]
[www.ansonika.com/citytours/html_rtl/all_tours_list.html]
[www.ansonika.com/citytours/html_rtl/all_tours_grid.html]
[www.ansonika.com/citytours/html_rtl/all_tours_grid_masonry.html]
[www.ansonika.com/citytours/html_rtl/all_tours_map_listing.html]
[www.ansonika.com/citytours/html_rtl/single_tour.html]
[www.ansonika.com/citytours/html_rtl/single_tour_with_gallery.html]
[www.ansonika.com/citytours/html_rtl/single_tour_fixed_sidebar.html]
[www.ansonika.com/citytours/html_rtl/single_tour_with_gallery_fixed_sidebar.html]
[www.ansonika.com/citytours/html_rtl/cart_fixed_sidebar.html]
[www.ansonika.com/citytours/html_rtl/payment_fixed_sidebar.html]
[www.ansonika.com/citytours/html_rtl/confirmation_fixed_sidebar.html]
[www.ansonika.com/citytours/html_rtl/single_tour_working_booking.html]
[www.ansonika.com/citytours/html_rtl/cart.html]
[www.ansonika.com/citytours/html_rtl/payment.html]
[www.ansonika.com/citytours/html_rtl/all_hotels_list.html]
[www.ansonika.com/citytours/html_rtl/all_hotels_grid.html]
[www.ansonika.com/citytours/html_rtl/all_hotels_grid_masonry.html]
[www.ansonika.com/citytours/html_rtl/all_hotels_map_listing.html]
[www.ansonika.com/citytours/html_rtl/single_hotel.html]
[www.ansonika.com/citytours/html_rtl/single_hotel_working_booking.html]
[www.ansonika.com/citytours/html_rtl/single_hotel_contact.html]
[www.ansonika.com/citytours/html_rtl/cart_hotel.html]
[www.ansonika.com/citytours/html_rtl/payment_hotel.html]
[www.ansonika.com/citytours/html_rtl/confirmation_hotel.html]
[www.ansonika.com/citytours/html_rtl/all_transfer_list.html]
[www.ansonika.com/citytours/html_rtl/all_transfer_grid.html]
[www.ansonika.com/citytours/html_rtl/all_transfer_grid_masonry.html]
[www.ansonika.com/citytours/html_rtl/single_transfer.html]
[www.ansonika.com/citytours/html_rtl/cart_transfer.html]
[www.ansonika.com/citytours/html_rtl/payment_transfer.html]
[www.ansonika.com/citytours/html_rtl/confirmation_transfer.html]
[www.ansonika.com/citytours/html_rtl/all_restaurants_list.html]
[www.ansonika.com/citytours/html_rtl/all_restaurants_grid.html]
[www.ansonika.com/citytours/html_rtl/all_restaurants_grid_masonry.html]
[www.ansonika.com/citytours/html_rtl/all_restaurants_map_listing.html]
[www.ansonika.com/citytours/html_rtl/single_restaurant.html]
[www.ansonika.com/citytours/html_rtl/payment_restaurant.html]
[www.ansonika.com/citytours/html_rtl/confirmation_restaurant.html]
[www.ansonika.com/citytours/html_rtl/header_2.html]
[www.ansonika.com/citytours/html_rtl/header_3.html]
[www.ansonika.com/citytours/html_rtl/header_4.html]
[www.ansonika.com/citytours/html_rtl/header_5.html]
[www.ansonika.com/citytours/html_rtl/header_6.html]
[www.ansonika.com/citytours/html_rtl/header_7.html]
[www.ansonika.com/citytours/html_rtl/footer_2.html]
[www.ansonika.com/citytours/html_rtl/footer_3.html]
[www.ansonika.com/citytours/html_rtl/footer_4.html]
[www.ansonika.com/citytours/html_rtl/footer_5.html]
[www.ansonika.com/citytours/html_rtl/footer_6.html]
[www.ansonika.com/citytours/html_rtl/footer_7.html]
[www.ansonika.com/citytours/html_rtl/shop.html]
[www.ansonika.com/citytours/html_rtl/shop-single.html]
[www.ansonika.com/citytours/html_rtl/shopping-cart.html]
[www.ansonika.com/citytours/html_rtl/checkout.html]
[www.ansonika.com/citytours/html_rtl/about.html]
[www.ansonika.com/citytours/html_rtl/general_page.html]
[www.ansonika.com/citytours/html_rtl/tourist_guide.html]
[www.ansonika.com/citytours/html_rtl/faq.html]
[www.ansonika.com/citytours/html_rtl/faq_2.html]
[www.ansonika.com/citytours/html_rtl/pricing_tables.html]
[www.ansonika.com/citytours/html_rtl/gallery_3_columns.html]
[www.ansonika.com/citytours/html_rtl/gallery_4_columns.html]
[www.ansonika.com/citytours/html_rtl/grid_gallery_1.html]
[www.ansonika.com/citytours/html_rtl/grid_gallery_2.html]
[www.ansonika.com/citytours/html_rtl/contact_us_1.html]
[www.ansonika.com/citytours/html_rtl/contact_us_2.html]
[www.ansonika.com/citytours/html_rtl/blog_right_sidebar.html]
[www.ansonika.com/citytours/html_rtl/blog.html]
[www.ansonika.com/citytours/html_rtl/login.html]
[www.ansonika.com/citytours/html_rtl/register.html]
[www.ansonika.com/citytours/html_rtl/invoice.html]
[www.ansonika.com/citytours/html_rtl/404.html]
[www.ansonika.com/citytours/html_rtl/site_launch/index.html]
[www.ansonika.com/citytours/html_rtl/timeline.html]
[www.ansonika.com/citytours/html_rtl/page_with_map.html]
[www.ansonika.com/citytours/html_rtl/icon_pack_1.html]
[www.ansonika.com/citytours/html_rtl/icon_pack_2.html]
[www.ansonika.com/citytours/html_rtl/icon_pack_3.html]
[www.ansonika.com/citytours/html_rtl/icon_pack_4.html]
[www.ansonika.com/citytours/html_rtl/icon_pack_5.html]
[www.ansonika.com/citytours/html_rtl/shortcodes.html]
[www.ansonika.com/citytours/html_rtl/newsletter_template/newsletter.html]
[www.ansonika.com/citytours/html_rtl/admin.html]
[www.ansonika.com/citytours/html_rtl/img/thumb_cart_1.jpg]
[www.ansonika.com/citytours/html_rtl/img/thumb_cart_2.jpg]
[www.ansonika.com/citytours/html_rtl/img/thumb_cart_3.jpg]
[www.ansonika.com/citytours/html_rtl/img/slides/slide_home_3.jpg]
[www.ansonika.com/citytours/html_rtl/img/slides/slide_home_2.jpg]
[www.ansonika.com/citytours/html_rtl/img/slides/slide_home_1.jpg]
[www.ansonika.com/citytours/html_rtl/img/img_cat_home_1.jpg]
[www.ansonika.com/citytours/html_rtl/img/img_cat_home_2.jpg]
[www.ansonika.com/citytours/html_rtl/img/img_cat_home_3.jpg]
[www.ansonika.com/citytours/html_rtl/img/img_cat_home_4.jpg]
[www.ansonika.com/citytours/html_rtl/img/tour_box_1.jpg]
[www.ansonika.com/citytours/html_rtl/img/tour_box_2.jpg]
[www.ansonika.com/citytours/html_rtl/img/tour_box_3.jpg]
[www.ansonika.com/citytours/html_rtl/img/tour_box_4.jpg]
[www.ansonika.com/citytours/html_rtl/img/tour_box_14.jpg]
[www.ansonika.com/citytours/html_rtl/img/hotel_1.jpg]
[www.ansonika.com/citytours/html_rtl/img/hotel_2.jpg]
[www.ansonika.com/citytours/html_rtl/img/hotel_3.jpg]
[www.ansonika.com/citytours/html_rtl/img/hotel_4.jpg]
[www.ansonika.com/citytours/html_rtl/img/hotel_5.jpg]
[www.ansonika.com/citytours/html_rtl/img/news_home_1.jpg]
[www.ansonika.com/citytours/html_rtl/img/news_home_2.jpg]
[www.ansonika.com/citytours/html_rtl/img/news_home_3.jpg]
[www.ansonika.com/citytours/html_rtl/img/news_home_4.jpg]
[www.ansonika.com/citytours/html_rtl/js/jquery-3.6.0.min.js]
[www.ansonika.com/citytours/html_rtl/js/common_scripts_min_rtl.js]
[www.ansonika.com/citytours/html_rtl/js/functions_rtl.js]
[www.ansonika.com/citytours/html_rtl/js/notify_func.js]
[www.ansonika.com/citytours/html_rtl/index.html]
[www.ansonika.com/citytours/img/adventure_icon_1.svg]
[www.ansonika.com/citytours/img/adventure_icon_2.svg]
[www.ansonika.com/citytours/img/adventure_icon_3.svg]
[www.ansonika.com/citytours/img/arrow_down.svg]
[www.ansonika.com/citytours/img/twitter_icon.svg]
[www.ansonika.com/citytours/img/drag_icon.svg]
[www.ansonika.com/citytours/css/fontello/font/fontello4508.eot]
[www.ansonika.com/citytours/css/fontello/font/fontello4508.woff]
[www.ansonika.com/citytours/css/fontello/font/fontello4508.html]
[www.ansonika.com/citytours/css/fontello/font/fontello4508.svg]
[www.ansonika.com/citytours/css/fontello/font/icon_set_10367.html]
[www.ansonika.com/citytours/css/fontello/font/icon_set_10367.svg]
[www.ansonika.com/citytours/css/fontello/font/icon_set_22249.html]
[www.ansonika.com/citytours/css/fontello/font/icon_set_22249.svg]
[www.ansonika.com/citytours/css/icon_restaurant/fonts/Glyphter.html]
[www.ansonika.com/citytours/css/icon_restaurant/fonts/Glyphter.svg]
[www.ansonika.com/citytours/css/new_icons/font/Pe-icon-7-strokebb1d.html]
[www.ansonika.com/citytours/css/new_icons/font/Pe-icon-7-strokebb1d.svg]
[www.ansonika.com/citytours/css/new_icons/font/ElegantIcons.html]
[www.ansonika.com/citytours/css/new_icons/font/ElegantIcons.svg]
[www.ansonika.com/citytours/rev-slider-files/fonts/font-awesome/fonts/fontawesome-webfont3e6e.html]
[www.ansonika.com/citytours/rev-slider-files/fonts/font-awesome/fonts/fontawesome-webfont3e6e-2.html]
[www.ansonika.com/citytours/rev-slider-files/fonts/font-awesome/fonts/fontawesome-webfont3e6e.svg]
[www.ansonika.com/citytours/rev-slider-files/fonts/revicons/revicons90c6.html]
[www.ansonika.com/citytours/rev-slider-files/fonts/revicons/revicons90c6.svg]
[www.ansonika.com/citytours/rev-slider-files/assets/gridtile.html]
[www.ansonika.com/citytours/rev-slider-files/assets/gridtile_white.html]
[www.ansonika.com/citytours/rev-slider-files/assets/gridtile_3x3.html]
[www.ansonika.com/citytours/rev-slider-files/assets/gridtile_3x3_white.html]
[www.ansonika.com/citytours/rev-slider-files/assets/coloredbg.html]
[www.ansonika.com/citytours/rev-slider-files/assets/loader.html]
[www.ansonika.com/citytours/all_tour_list.html]
[www.ansonika.com/citytours/rs-plugin/assets/shadow1.png]
[www.ansonika.com/citytours/rs-plugin/assets/shadow2.png]
[www.ansonika.com/citytours/rs-plugin/assets/shadow3.png]
[www.ansonika.com/citytours/rs-plugin/assets/gridtile.png]
[www.ansonika.com/citytours/rs-plugin/assets/gridtile_white.png]
[www.ansonika.com/citytours/rs-plugin/assets/gridtile_3x3.png]
[www.ansonika.com/citytours/rs-plugin/assets/gridtile_3x3_white.png]
[www.ansonika.com/citytours/rs-plugin/assets/boxed_bgtile.png]
[www.ansonika.com/citytours/rs-plugin/assets/navigdots_bgtile.png]
[www.ansonika.com/citytours/rs-plugin/assets/bullet.png]
[www.ansonika.com/citytours/rs-plugin/assets/bullets.png]
[www.ansonika.com/citytours/rs-plugin/assets/bullets2.png]
[www.ansonika.com/citytours/rs-plugin/assets/bullet_boxed.png]
[www.ansonika.com/citytours/rs-plugin/assets/navigdots.png]
[www.ansonika.com/citytours/rs-plugin/assets/large_left.png]
[www.ansonika.com/citytours/rs-plugin/assets/large_right.png]
[www.ansonika.com/citytours/rs-plugin/assets/small_left.png]
[www.ansonika.com/citytours/rs-plugin/assets/small_right.png]
[www.ansonika.com/citytours/rs-plugin/assets/arrow_left.png]
[www.ansonika.com/citytours/rs-plugin/assets/arrow_right.png]
[www.ansonika.com/citytours/rs-plugin/assets/small_left_boxed.png]
[www.ansonika.com/citytours/rs-plugin/assets/small_right_boxed.png]
[www.ansonika.com/citytours/rs-plugin/assets/arrowleft.png]
[www.ansonika.com/citytours/rs-plugin/assets/arrowright.png]
[www.ansonika.com/citytours/rs-plugin/assets/arrow_left2.png]
[www.ansonika.com/citytours/rs-plugin/assets/arrow_right2.png]
[www.ansonika.com/citytours/rs-plugin/assets/timer.png]
[www.ansonika.com/citytours/rs-plugin/assets/coloredbg.png]
[www.ansonika.com/citytours/rs-plugin/assets/loader.gif]
[www.ansonika.com/citytours/rs-plugin/font/revicons90c6.eot]
[www.ansonika.com/citytours/rs-plugin/font/revicons90c6.woff]
[www.ansonika.com/citytours/rs-plugin/css/settings.css]
[www.ansonika.com/citytours/css/extralayers.css]
[www.ansonika.com/citytours/1&title=0&byline=0&portrait=0&api=1_.html]
[www.ansonika.com/citytours/layerslider/css/blank.gif]
[www.ansonika.com/citytours/layerslider/css/layerslider.css]
[www.ansonika.com/citytours/img/slider_single_tour/2_large.jpg]
[www.ansonika.com/citytours/img/slider_single_tour/4_large.jpg]
[www.ansonika.com/citytours/img/slider_single_tour/5_large.jpg]
[www.ansonika.com/citytours/img/slider_single_tour/6_large.jpg]
[www.ansonika.com/citytours/img/slider_single_tour/7_large.jpg]
[www.ansonika.com/citytours/img/slider_single_tour/8_large.jpg]
[www.ansonika.com/citytours/img/slider_single_tour/9_large.jpg]
[www.ansonika.com/citytours/confirmation.html]
[www.ansonika.com/citytours/img/restaurant_box_7.jpg]
[www.ansonika.com/citytours/img/icon-select.png]
[www.ansonika.com/citytours/css/shop.css]
[www.ansonika.com/citytours/css/finaltilesgallery.css]
[www.ansonika.com/citytours/img/close.png]
[www.ansonika.com/citytours/img/loading.gif]
[www.ansonika.com/citytours/img/prev.png]
[www.ansonika.com/citytours/img/next.png]
[www.ansonika.com/citytours/css/lightbox2.css]
[www.ansonika.com/citytours/img/tag_bg.png]
[www.ansonika.com/citytours/css/blog.css]
[www.ansonika.com/citytours/blog_post_right_sidebar.html]
[www.ansonika.com/citytours/blog_post.html]
[www.ansonika.com/citytours/site_launch/css/bootstrap.min.css]
[www.ansonika.com/citytours/site_launch/css/style.css]
[www.ansonika.com/citytours/site_launch/fontello/font/fontello4508.eot]
[www.ansonika.com/citytours/site_launch/fontello/font/fontello4508.woff]
[www.ansonika.com/citytours/site_launch/fontello/css/fontello.css]
[www.ansonika.com/citytours/site_launch/fontello/css/animation.css]
[www.ansonika.com/citytours/css/timeline.css]
[www.ansonika.com/citytours/css/admin.css]
[www.ansonika.com/citytours/html_rtl/css/bootstrap-rtl.min.css]
[www.ansonika.com/citytours/html_rtl/img/logo.png]
[www.ansonika.com/citytours/html_rtl/img/logo_sticky_colored.png]
[www.ansonika.com/citytours/html_rtl/img/logo_2x.png]
[www.ansonika.com/citytours/html_rtl/img/logo_sticky_2x.png]
[www.ansonika.com/citytours/html_rtl/img/logo_sticky_colored_2x.png]
[www.ansonika.com/citytours/html_rtl/img/header_bg.jpg]
[www.ansonika.com/citytours/html_rtl/img/arrow_down_2.png]
[www.ansonika.com/citytours/html_rtl/img/search-bt.png]
[www.ansonika.com/citytours/html_rtl/img/minus.png]
[www.ansonika.com/citytours/html_rtl/img/plus.png]
[www.ansonika.com/citytours/html_rtl/img/features-intro-01.jpg]
[www.ansonika.com/citytours/html_rtl/img/tape.png]
[www.ansonika.com/citytours/html_rtl/img/bg_login.jpg]
[www.ansonika.com/citytours/html_rtl/img/down_arrow_select.png]
[www.ansonika.com/citytours/html_rtl/img/down_arrow_select_filters.png]
[www.ansonika.com/citytours/html_rtl/img/ribbon_popular.png]
[www.ansonika.com/citytours/html_rtl/img/ribbon_top_rated.png]
[www.ansonika.com/citytours/html_rtl/img/banner_bg.png]
[www.ansonika.com/citytours/html_rtl/img/shadow-bg.png]
[www.ansonika.com/citytours/html_rtl/img/banner_bg_colored.png]
[www.ansonika.com/citytours/html_rtl/img/slide_hero.jpg]
[www.ansonika.com/citytours/html_rtl/img/ribbon.png]
[www.ansonika.com/citytours/html_rtl/img/badge_save.png]
[www.ansonika.com/citytours/html_rtl/img/home_bg_2.jpg]
[www.ansonika.com/citytours/html_rtl/img/pattern_3.png]
[www.ansonika.com/citytours/html_rtl/img/pattern_4.png]
[www.ansonika.com/citytours/html_rtl/img/pattern_5.png]
[www.ansonika.com/citytours/html_rtl/img/banner_bg_desktop.jpg]
[www.ansonika.com/citytours/html_rtl/css/style.css]
[www.ansonika.com/citytours/html_rtl/css/style-rtl.css]
[www.ansonika.com/citytours/html_rtl/img/hero_3.jpg]
[www.ansonika.com/citytours/html_rtl/css/fontello/font/fontello4508.eot]
[www.ansonika.com/citytours/html_rtl/css/fontello/font/fontello4508.woff]
[www.ansonika.com/citytours/html_rtl/css/fontello/font/icon_set_10367.eot]
[www.ansonika.com/citytours/html_rtl/css/fontello/font/icon_set_10367.woff]
[www.ansonika.com/citytours/html_rtl/css/fontello/font/icon_set_22249.eot]
[www.ansonika.com/citytours/html_rtl/css/fontello/font/icon_set_22249.woff]
[www.ansonika.com/citytours/html_rtl/css/icon_restaurant/fonts/Glyphter.eot]
[www.ansonika.com/citytours/html_rtl/css/icon_restaurant/fonts/Glyphterd41d.eot]
[www.ansonika.com/citytours/html_rtl/css/icon_restaurant/fonts/Glyphter.woff]
[www.ansonika.com/citytours/html_rtl/css/new_icons/font/Pe-icon-7-strokebb1d.eot]
[www.ansonika.com/citytours/html_rtl/css/new_icons/font/Pe-icon-7-stroked41d.eot]
[www.ansonika.com/citytours/html_rtl/css/new_icons/font/Pe-icon-7-strokebb1d.woff]
[www.ansonika.com/citytours/html_rtl/css/new_icons/font/ElegantIcons.eot]
[www.ansonika.com/citytours/html_rtl/css/new_icons/font/ElegantIconsd41d.eot]
[www.ansonika.com/citytours/html_rtl/css/new_icons/font/ElegantIcons.woff]
[www.ansonika.com/citytours/html_rtl/img/sprite-skin-flat.png]
[www.ansonika.com/citytours/html_rtl/css/owl.video.play.png]
[www.ansonika.com/citytours/html_rtl/css/images/openhand.123]
[www.ansonika.com/citytours/html_rtl/css/vendors.css]
[www.ansonika.com/citytours/html_rtl/css/custom.css]
[www.ansonika.com/citytours/html_rtl/css/images/closedhand.123]
[www.ansonika.com/citytours/html_rtl/img/transfer_3.jpg]
[www.ansonika.com/citytours/html_rtl/img/tour_box_5.jpg]
[www.ansonika.com/citytours/html_rtl/js/cat_nav_mobile.js]
[www.ansonika.com/citytours/html_rtl/js/map.js]
[www.ansonika.com/citytours/html_rtl/js/infobox.js]
[www.ansonika.com/citytours/html_rtl/wishlist.html]
[www.ansonika.com/citytours/html_rtl/index_22.html]
[www.ansonika.com/citytours/html_rtl/index_23.html]
[www.ansonika.com/citytours/html_rtl/js/input_qty.js]
[www.ansonika.com/citytours/html_rtl/rev-slider-files/assets/notgeneric_bg1.jpg]
[www.ansonika.com/citytours/html_rtl/rev-slider-files/assets/notgeneric_bg5.jpg]
[www.ansonika.com/citytours/html_rtl/rev-slider-files/assets/blurflake4.png]
[www.ansonika.com/citytours/html_rtl/rev-slider-files/assets/blurflake3.png]
[www.ansonika.com/citytours/html_rtl/rev-slider-files/assets/blurflake2.png]
[www.ansonika.com/citytours/html_rtl/rev-slider-files/assets/blurflake1.png]
[www.ansonika.com/citytours/html_rtl/rev-slider-files/assets/notgeneric_bg2.jpg]
[www.ansonika.com/citytours/html_rtl/rev-slider-files/assets/iceberg.jpg]
[www.ansonika.com/citytours/html_rtl/rev-slider-files/assets/notgeneric_bg3.jpg]
[www.ansonika.com/citytours/html_rtl/img/hotel_6.jpg]
[www.ansonika.com/citytours/html_rtl/img/bus.jpg]
[www.ansonika.com/citytours/html_rtl/img/transfer.jpg]
[www.ansonika.com/citytours/html_rtl/img/guide.jpg]
[www.ansonika.com/citytours/html_rtl/img/hotel.jpg]
[www.ansonika.com/citytours/html_rtl/img/laptop.png]
[www.ansonika.com/citytours/html_rtl/rev-slider-files/js/jquery.themepunch.tools.min.js]
[www.ansonika.com/citytours/html_rtl/rev-slider-files/js/jquery.themepunch.revolution.min.js]
[www.ansonika.com/citytours/html_rtl/rev-slider-files/js/extensions/revolution.extension.actions.min.js]
[www.ansonika.com/citytours/html_rtl/rev-slider-files/js/extensions/revolution.extension.carousel.min.js]
[www.ansonika.com/citytours/html_rtl/rev-slider-files/js/extensions/revolution.extension.kenburn.min.js]
[www.ansonika.com/citytours/html_rtl/rev-slider-files/js/extensions/revolution.extension.layeranimation.min.js]
[www.ansonika.com/citytours/html_rtl/rev-slider-files/js/extensions/revolution.extension.migration.min.js]
[www.ansonika.com/citytours/html_rtl/rev-slider-files/js/extensions/revolution.extension.navigation.min.js]
[www.ansonika.com/citytours/html_rtl/rev-slider-files/js/extensions/revolution.extension.parallax.min.js]
[www.ansonika.com/citytours/html_rtl/rev-slider-files/js/extensions/revolution.extension.slideanims.min.js]
[www.ansonika.com/citytours/html_rtl/index_24.html]
[www.ansonika.com/citytours/html_rtl/rev-slider-files/js/extensions/revolution.extension.video.min.js]
[www.ansonika.com/citytours/html_rtl/img/slides_bg/dummy.png]
[www.ansonika.com/citytours/html_rtl/rs-plugin/js/jquery.themepunch.tools.min.js]
[www.ansonika.com/citytours/html_rtl/rs-plugin/js/jquery.themepunch.revolution.min.js]
[www.ansonika.com/citytours/html_rtl/index_20.html]
[www.ansonika.com/citytours/html_rtl/js/revolution_func.js]
[www.ansonika.com/citytours/html_rtl/index_14.html]
[www.ansonika.com/citytours/html_rtl/rev-slider-files/assets/youtubebg.jpg]
[www.ansonika.com/citytours/html_rtl/rev-slider-files/assets/vimeobg.jpg]
[www.ansonika.com/citytours/html_rtl/index_15.html]
[www.ansonika.com/citytours/html_rtl/rev-slider-files/assets/slide_1.jpg]
[www.ansonika.com/citytours/html_rtl/rev-slider-files/assets/slide_2.jpg]
[www.ansonika.com/citytours/html_rtl/rev-slider-files/assets/slide_3.jpg]
[www.ansonika.com/citytours/html_rtl/index_17.html]
[www.ansonika.com/citytours/html_rtl/rev-slider-files/assets/slide_4.jpg]
[www.ansonika.com/citytours/html_rtl/rev-slider-files/assets/slide_5.jpg]
[www.ansonika.com/citytours/html_rtl/rev-slider-files/assets/slide_6.jpg]
[www.ansonika.com/citytours/html_rtl/rev-slider-files/js/extensions/revolution.addon.slicey.min.js]
[www.ansonika.com/citytours/html_rtl/index_21.html]
[www.ansonika.com/citytours/html_rtl/rev-slider-files/assets/newspaper_bg1.jpg]
[www.ansonika.com/citytours/html_rtl/rev-slider-files/assets/bluebar.png]
[www.ansonika.com/citytours/html_rtl/rev-slider-files/assets/newspaper_bg3.jpg]
[www.ansonika.com/citytours/html_rtl/rev-slider-files/assets/newspaper_bg2.jpg]
[www.ansonika.com/citytours/html_rtl/index_16.html]
[www.ansonika.com/citytours/html_rtl/index_19.html]
[www.ansonika.com/citytours/html_rtl/rev-slider-files/assets/travel1.jpg]
[www.ansonika.com/citytours/html_rtl/rev-slider-files/assets/travel2.jpg]
[www.ansonika.com/citytours/html_rtl/rev-slider-files/assets/travel3.jpg]
[www.ansonika.com/citytours/html_rtl/index_18.html]
[www.ansonika.com/citytours/html_rtl/rev-slider-files/assets/travel4.jpg]
[www.ansonika.com/citytours/html_rtl/img/slides/slide_1.jpg]
[www.ansonika.com/citytours/html_rtl/img/slides/slide_2.jpg]
[www.ansonika.com/citytours/html_rtl/img/slides/slide_3.jpg]
[www.ansonika.com/citytours/html_rtl/img/slides/slide_4.jpg]
[www.ansonika.com/citytours/html_rtl/js/jquery-migrate.min.js]
[www.ansonika.com/citytours/html_rtl/layerslider/js/greensock.js]
[www.ansonika.com/citytours/html_rtl/layerslider/js/layerslider.transitions.js]
[www.ansonika.com/citytours/html_rtl/index_12.html]
[www.ansonika.com/citytours/html_rtl/layerslider/js/layerslider.kreaturamedia.jquery.js]
[www.ansonika.com/citytours/html_rtl/img/tour_box_8.jpg]
[www.ansonika.com/citytours/html_rtl/img/tour_box_9.jpg]
[www.ansonika.com/citytours/html_rtl/index_2.html]
[www.ansonika.com/citytours/html_rtl/index_3.html]
[www.ansonika.com/citytours/html_rtl/img/tour_box_12.jpg]
[www.ansonika.com/citytours/html_rtl/img/video_fix.png]
[www.ansonika.com/citytours/html_rtl/js/modernizr.js]
[www.ansonika.com/citytours/html_rtl/js/video_header.js]
[www.ansonika.com/citytours/html_rtl/index_4.html]
[www.ansonika.com/citytours/html_rtl/img/icons_search/sightseeing.png]
[www.ansonika.com/citytours/html_rtl/img/icons_search/museums.png]
[www.ansonika.com/citytours/html_rtl/img/icons_search/historic.png]
[www.ansonika.com/citytours/html_rtl/img/icons_search/walking.png]
[www.ansonika.com/citytours/html_rtl/img/icons_search/eat.png]
[www.ansonika.com/citytours/html_rtl/img/icons_search/churches.png]
[www.ansonika.com/citytours/html_rtl/img/icons_search/skyline.png]
[www.ansonika.com/citytours/html_rtl/img/icons_search/fast_food.png]
[www.ansonika.com/citytours/html_rtl/img/icons_search/pizza_italian.png]
[www.ansonika.com/citytours/html_rtl/img/icons_search/international.png]
[www.ansonika.com/citytours/html_rtl/img/icons_search/japanese.png]
[www.ansonika.com/citytours/html_rtl/img/icons_search/chinese.png]
[www.ansonika.com/citytours/html_rtl/img/icons_search/bar.png]
[www.ansonika.com/citytours/html_rtl/js/jquery.ddslick.js]
[www.ansonika.com/citytours/html_rtl/index_7.html]
[www.ansonika.com/citytours/html_rtl/img/thumb_home_tabs_1.jpg]
[www.ansonika.com/citytours/html_rtl/img/thumb_home_tabs_2.jpg]
[www.ansonika.com/citytours/html_rtl/img/thumb_home_tabs_3.jpg]
[www.ansonika.com/citytours/html_rtl/img/thumb_home_tabs_4.jpg]
[www.ansonika.com/citytours/html_rtl/img/thumb_home_tabs_5.jpg]
[www.ansonika.com/citytours/html_rtl/img/thumb_home_tabs_6.jpg]
[www.ansonika.com/citytours/html_rtl/img/thumb_home_tabs_7.jpg]
[www.ansonika.com/citytours/html_rtl/img/thumb_home_tabs_8.jpg]
[www.ansonika.com/citytours/html_rtl/img/thumb_home_tabs_9.jpg]
[www.ansonika.com/citytours/html_rtl/img/thumb_home_tabs_10.jpg]
[www.ansonika.com/citytours/html_rtl/img/restaurant_box_1.jpg]
[www.ansonika.com/citytours/html_rtl/img/restaurant_box_2.jpg]
[www.ansonika.com/citytours/html_rtl/img/restaurant_box_3.jpg]
[www.ansonika.com/citytours/html_rtl/js/tabs.js]
[www.ansonika.com/citytours/html_rtl/index_13.html]
[www.ansonika.com/citytours/html_rtl/js/map_home.js]
[www.ansonika.com/citytours/html_rtl/index_5.html]
[www.ansonika.com/citytours/html_rtl/index_6.html]
[www.ansonika.com/citytours/html_rtl/index_8.html]
[www.ansonika.com/citytours/html_rtl/index_9.html]
[www.ansonika.com/citytours/html_rtl/js/morphext.min.js]
[www.ansonika.com/citytours/html_rtl/index_10.html]
[www.ansonika.com/citytours/html_rtl/js/jquery.cookiebar.js]
[www.ansonika.com/citytours/html_rtl/js/pop_up.min.js]
[www.ansonika.com/citytours/html_rtl/js/pop_up_func.js]
[www.ansonika.com/citytours/html_rtl/index_11.html]
[www.ansonika.com/citytours/html_rtl/all_tours_list.html]
[www.ansonika.com/citytours/html_rtl/all_tours_grid.html]
[www.ansonika.com/citytours/html_rtl/all_tours_grid_masonry.html]
[www.ansonika.com/citytours/html_rtl/js/isotope.min.js]
[www.ansonika.com/citytours/html_rtl/js/map_listing_tours.js]
[www.ansonika.com/citytours/html_rtl/all_tours_map_listing.html]
[www.ansonika.com/citytours/html_rtl/img/avatar1.jpg]
[www.ansonika.com/citytours/html_rtl/img/avatar3.jpg]
[www.ansonika.com/citytours/html_rtl/img/avatar2.jpg]
[www.ansonika.com/citytours/html_rtl/single_tour.html]
[www.ansonika.com/citytours/html_rtl/assets/validate.js]
[www.ansonika.com/citytours/html_rtl/css/images/blank.gif]
[www.ansonika.com/citytours/html_rtl/img/slider_single_tour/1_large.jpg]
[www.ansonika.com/citytours/html_rtl/img/slider_single_tour/2_large.jpg]
[www.ansonika.com/citytours/html_rtl/img/slider_single_tour/3_large.jpg]
[www.ansonika.com/citytours/html_rtl/img/slider_single_tour/4_large.jpg]
[www.ansonika.com/citytours/html_rtl/img/slider_single_tour/5_large.jpg]
[www.ansonika.com/citytours/html_rtl/img/slider_single_tour/6_large.jpg]
[www.ansonika.com/citytours/html_rtl/img/slider_single_tour/7_large.jpg]
[www.ansonika.com/citytours/html_rtl/img/slider_single_tour/8_large.jpg]
[www.ansonika.com/citytours/html_rtl/img/slider_single_tour/9_large.jpg]
[www.ansonika.com/citytours/html_rtl/img/slider_single_tour/1_medium.jpg]
[www.ansonika.com/citytours/html_rtl/img/slider_single_tour/2_medium.jpg]
[www.ansonika.com/citytours/html_rtl/img/slider_single_tour/3_medium.jpg]
[www.ansonika.com/citytours/html_rtl/img/slider_single_tour/4_medium.jpg]
[www.ansonika.com/citytours/html_rtl/img/slider_single_tour/5_medium.jpg]
[www.ansonika.com/citytours/html_rtl/img/slider_single_tour/6_medium.jpg]
[www.ansonika.com/citytours/html_rtl/img/slider_single_tour/7_medium.jpg]
[www.ansonika.com/citytours/html_rtl/img/slider_single_tour/8_medium.jpg]
[www.ansonika.com/citytours/html_rtl/img/slider_single_tour/9_medium.jpg]
[www.ansonika.com/citytours/html_rtl/js/jquery.sliderPro.min.js]
[www.ansonika.com/citytours/html_rtl/single_tour_with_gallery.html]
[www.ansonika.com/citytours/html_rtl/single_tour_fixed_sidebar.html]
[www.ansonika.com/citytours/html_rtl/single_tour_with_gallery_fixed_sidebar.html]
[www.ansonika.com/citytours/html_rtl/js/theia-sticky-sidebar.js]
[www.ansonika.com/citytours/html_rtl/confirmation.html]
[www.ansonika.com/citytours/html_rtl/cart_fixed_sidebar.html]
[www.ansonika.com/citytours/html_rtl/img/cards.png]
[www.ansonika.com/citytours/html_rtl/img/icon_ccv.gif]
[www.ansonika.com/citytours/html_rtl/payment_fixed_sidebar.html]
[www.ansonika.com/citytours/html_rtl/confirmation_fixed_sidebar.html]
[www.ansonika.com/citytours/html_rtl/img/paypal_bt.png]
[www.ansonika.com/citytours/html_rtl/single_tour_working_booking.html]
[www.ansonika.com/citytours/html_rtl/cart.html]
[www.ansonika.com/citytours/html_rtl/payment.html]
[www.ansonika.com/citytours/html_rtl/js/jquery.validate.js]
[www.ansonika.com/citytours/html_rtl/all_hotels_list.html]
[www.ansonika.com/citytours/html_rtl/all_hotels_grid.html]
[www.ansonika.com/citytours/html_rtl/all_hotels_grid_masonry.html]
[www.ansonika.com/citytours/html_rtl/js/map_hotels.js]
[www.ansonika.com/citytours/html_rtl/all_hotels_map_listing.html]
[www.ansonika.com/citytours/html_rtl/js/map_listing_hotels.js]
[www.ansonika.com/citytours/html_rtl/img/carousel/1.jpg]
[www.ansonika.com/citytours/html_rtl/img/carousel/2.jpg]
[www.ansonika.com/citytours/html_rtl/img/carousel/3.jpg]
[www.ansonika.com/citytours/html_rtl/img/carousel/4.jpg]
[www.ansonika.com/citytours/html_rtl/single_hotel.html]
[www.ansonika.com/citytours/html_rtl/single_hotel_working_booking.html]
[www.ansonika.com/citytours/html_rtl/single_hotel_contact.html]
[www.ansonika.com/citytours/html_rtl/cart_hotel.html]
[www.ansonika.com/citytours/html_rtl/payment_hotel.html]
[www.ansonika.com/citytours/html_rtl/confirmation_hotel.html]
[www.ansonika.com/citytours/html_rtl/img/transfer_2.jpg]
[www.ansonika.com/citytours/html_rtl/img/transfer_1.jpg]
[www.ansonika.com/citytours/html_rtl/all_transfer_list.html]
[www.ansonika.com/citytours/html_rtl/all_transfer_grid.html]
[www.ansonika.com/citytours/html_rtl/all_transfer_grid_masonry.html]
[www.ansonika.com/citytours/html_rtl/img/transfer_4.jpg]
[www.ansonika.com/citytours/html_rtl/js/map_transfer.js]
[www.ansonika.com/citytours/html_rtl/single_transfer.html]
[www.ansonika.com/citytours/html_rtl/cart_transfer.html]
[www.ansonika.com/citytours/html_rtl/payment_transfer.html]
[www.ansonika.com/citytours/html_rtl/confirmation_transfer.html]
[www.ansonika.com/citytours/html_rtl/img/restaurant_box_4.jpg]
[www.ansonika.com/citytours/html_rtl/img/restaurant_box_5.jpg]
[www.ansonika.com/citytours/html_rtl/img/restaurant_box_6.jpg]
[www.ansonika.com/citytours/html_rtl/js/map_restaurants.js]
[www.ansonika.com/citytours/html_rtl/all_restaurants_list.html]
[www.ansonika.com/citytours/html_rtl/img/restaurant_box_7.jpg]
[www.ansonika.com/citytours/html_rtl/img/restaurant_box_8.jpg]
[www.ansonika.com/citytours/html_rtl/all_restaurants_grid.html]
[www.ansonika.com/citytours/html_rtl/all_restaurants_grid_masonry.html]
[www.ansonika.com/citytours/html_rtl/js/map_listing_restaurants.js]
[www.ansonika.com/citytours/html_rtl/all_restaurants_map_listing.html]
[www.ansonika.com/citytours/html_rtl/single_restaurant.html]
[www.ansonika.com/citytours/html_rtl/payment_restaurant.html]
[www.ansonika.com/citytours/html_rtl/confirmation_restaurant.html]
[www.ansonika.com/citytours/html_rtl/header_2.html]
[www.ansonika.com/citytours/html_rtl/header_3.html]
[www.ansonika.com/citytours/html_rtl/header_4.html]
[www.ansonika.com/citytours/html_rtl/header_5.html]
[www.ansonika.com/citytours/html_rtl/js/map_single_restaurant.js]
[www.ansonika.com/citytours/html_rtl/header_6.html]
[www.ansonika.com/citytours/html_rtl/header_7.html]
[www.ansonika.com/citytours/html_rtl/img/payments.png]
[www.ansonika.com/citytours/html_rtl/footer_2.html]
[www.ansonika.com/citytours/html_rtl/footer_3.html]
[www.ansonika.com/citytours/html_rtl/footer_4.html]
[www.ansonika.com/citytours/html_rtl/js/jquery.tweet.min.js]
[www.ansonika.com/citytours/html_rtl/footer_5.html]
[www.ansonika.com/citytours/html_rtl/js/jquery.bxslider.min.js]
[www.ansonika.com/citytours/html_rtl/img/post-thumb-1.jpg]
[www.ansonika.com/citytours/html_rtl/img/post-thumb-2.jpg]
[www.ansonika.com/citytours/html_rtl/footer_6.html]
[www.ansonika.com/citytours/html_rtl/img/post-thumb-3.jpg]
[www.ansonika.com/citytours/html_rtl/img/footergallery1.jpg]
[www.ansonika.com/citytours/html_rtl/img/footergallery2.jpg]
[www.ansonika.com/citytours/html_rtl/img/footergallery3.jpg]
[www.ansonika.com/citytours/html_rtl/img/footergallery4.jpg]
[www.ansonika.com/citytours/html_rtl/img/footergallery5.jpg]
[www.ansonika.com/citytours/html_rtl/footer_7.html]
[www.ansonika.com/citytours/html_rtl/img/footergallery6.jpg]
[www.ansonika.com/citytours/html_rtl/img/products/image-1.jpg]
[www.ansonika.com/citytours/html_rtl/img/products/image-2.jpg]
[www.ansonika.com/citytours/html_rtl/img/products/image-3.jpg]
[www.ansonika.com/citytours/html_rtl/img/products/image-4.jpg]
[www.ansonika.com/citytours/html_rtl/img/products/image-5.jpg]
[www.ansonika.com/citytours/html_rtl/img/products/image-6.jpg]
[www.ansonika.com/citytours/html_rtl/img/products/thumb-1.jpg]
[www.ansonika.com/citytours/html_rtl/img/products/thumb-2.jpg]
[www.ansonika.com/citytours/html_rtl/shop.html]
[www.ansonika.com/citytours/html_rtl/shop-single.html]
[www.ansonika.com/citytours/html_rtl/shopping-cart.html]
[www.ansonika.com/citytours/html_rtl/img/products/thumb-3.jpg]
[www.ansonika.com/citytours/html_rtl/checkout.html]
[www.ansonika.com/citytours/html_rtl/about.html]
[www.ansonika.com/citytours/html_rtl/img/credit-card-icon.png]
[www.ansonika.com/citytours/html_rtl/img/tour_box_13.jpg]
[www.ansonika.com/citytours/html_rtl/img/tour_box_11.jpg]
[www.ansonika.com/citytours/html_rtl/img/bag.png]
[www.ansonika.com/citytours/html_rtl/general_page.html]
[www.ansonika.com/citytours/html_rtl/img/tourist_guide_pic.jpg]
[www.ansonika.com/citytours/html_rtl/img/lang_en.png]
[www.ansonika.com/citytours/html_rtl/img/lang_fr.png]
[www.ansonika.com/citytours/html_rtl/img/lang_de.png]
[www.ansonika.com/citytours/html_rtl/tourist_guide.html]
[www.ansonika.com/citytours/html_rtl/faq.html]
[www.ansonika.com/citytours/html_rtl/faq_2.html]
[www.ansonika.com/citytours/html_rtl/pricing_tables.html]
[www.ansonika.com/citytours/html_rtl/img/lang_es.png]
[www.ansonika.com/citytours/html_rtl/img/notredame.jpg]
[www.ansonika.com/citytours/html_rtl/gallery_3_columns.html]
[www.ansonika.com/citytours/html_rtl/gallery_4_columns.html]
[www.ansonika.com/citytours/html_rtl/img/senna.jpg]
[www.ansonika.com/citytours/html_rtl/js/jquery.finaltilesgallery.js]
[www.ansonika.com/citytours/html_rtl/js/lightbox2.js]
[www.ansonika.com/citytours/html_rtl/grid_gallery_1.html]
[www.ansonika.com/citytours/html_rtl/grid_gallery_2.html]
[www.ansonika.com/citytours/html_rtl/js/map_contact.js]
[www.ansonika.com/citytours/html_rtl/contact_us_1.html]
[www.ansonika.com/citytours/html_rtl/contact_us_2.html]
[www.ansonika.com/citytours/html_rtl/blog_post_right_sidebar.html]
[www.ansonika.com/citytours/html_rtl/img/blog-3.jpg]
[www.ansonika.com/citytours/html_rtl/img/blog-1.jpg]
[www.ansonika.com/citytours/html_rtl/blog_right_sidebar.html]
[www.ansonika.com/citytours/html_rtl/img/blog-2.jpg]
[www.ansonika.com/citytours/html_rtl/blog_post.html]
[www.ansonika.com/citytours/html_rtl/blog.html]
[www.ansonika.com/citytours/html_rtl/login.html]
[www.ansonika.com/citytours/html_rtl/js/pw_strenght.js]
[www.ansonika.com/citytours/html_rtl/register.html]
[www.ansonika.com/citytours/html_rtl/invoice.html]
[www.ansonika.com/citytours/html_rtl/404.html]
[www.ansonika.com/citytours/html_rtl/site_launch/img/favicon.ico]
[www.ansonika.com/citytours/html_rtl/site_launch/img/apple-touch-icon-57x57-precomposed.png]
[www.ansonika.com/citytours/html_rtl/site_launch/img/apple-touch-icon-72x72-precomposed.png]
[www.ansonika.com/citytours/html_rtl/site_launch/img/apple-touch-icon-114x114-precomposed.png]
[www.ansonika.com/citytours/html_rtl/site_launch/img/apple-touch-icon-144x144-precomposed.png]
[www.ansonika.com/citytours/html_rtl/site_launch/img/logo.png]
[www.ansonika.com/citytours/html_rtl/site_launch/img/slide_1.jpg]
[www.ansonika.com/citytours/html_rtl/site_launch/img/slide_2.jpg]
[www.ansonika.com/citytours/html_rtl/site_launch/img/slide_3.jpg]
[www.ansonika.com/citytours/html_rtl/site_launch/js/jquery-2.2.4.min.js]
[www.ansonika.com/citytours/html_rtl/site_launch/js/jquery.animate-enhanced.min.js]
[www.ansonika.com/citytours/html_rtl/site_launch/js/jquery.superslides.min.js]
[www.ansonika.com/citytours/html_rtl/site_launch/js/functions.js]
[www.ansonika.com/citytours/html_rtl/site_launch/index.html]
[www.ansonika.com/citytours/html_rtl/site_launch/assets/validate.js]
[www.ansonika.com/citytours/html_rtl/img/guide_1.jpg]
[www.ansonika.com/citytours/html_rtl/timeline.html]
[www.ansonika.com/citytours/html_rtl/img/guide_2.jpg]
[www.ansonika.com/citytours/html_rtl/page_with_map.html]
[www.ansonika.com/citytours/html_rtl/icon_pack_1.html]
[www.ansonika.com/citytours/html_rtl/icon_pack_2.html]
[www.ansonika.com/citytours/html_rtl/icon_pack_3.html]
[www.ansonika.com/citytours/html_rtl/icon_pack_4.html]
[www.ansonika.com/citytours/html_rtl/icon_pack_5.html]
[www.ansonika.com/citytours/html_rtl/shortcodes.html]
[www.ansonika.com/citytours/html_rtl/js/map_full_page.js]
[www.ansonika.com/citytours/html_rtl/newsletter_template/img/logo.png]
[www.ansonika.com/citytours/html_rtl/newsletter_template/img/fb_bt.jpg]
[www.ansonika.com/citytours/html_rtl/newsletter_template/img/google_pl_bt.jpg]
[www.ansonika.com/citytours/html_rtl/newsletter_template/img/twitter_bt.jpg]
[www.ansonika.com/citytours/html_rtl/newsletter_template/img/main_banner.jpg]
[www.ansonika.com/citytours/html_rtl/newsletter_template/img/logo_small.jpg]
[www.ansonika.com/citytours/html_rtl/newsletter_template/img/icon_1.jpg]
[www.ansonika.com/citytours/html_rtl/newsletter_template/img/green_line.jpg]
[www.ansonika.com/citytours/html_rtl/newsletter_template/img/icon_2.jpg]
[www.ansonika.com/citytours/html_rtl/newsletter_template/img/icon_3.jpg]
[www.ansonika.com/citytours/html_rtl/newsletter_template/img/icon_4.jpg]
[www.ansonika.com/citytours/html_rtl/newsletter_template/img/img_large_1.jpg]
[www.ansonika.com/citytours/html_rtl/newsletter_template/img/img_large_2.jpg]
[www.ansonika.com/citytours/html_rtl/newsletter_template/img/tour_1.jpg]
[www.ansonika.com/citytours/html_rtl/newsletter_template/img/tour_2.jpg]
[www.ansonika.com/citytours/html_rtl/newsletter_template/img/hotel_1.jpg]
[www.ansonika.com/citytours/html_rtl/newsletter_template/img/hotel_2.jpg]
[www.ansonika.com/citytours/html_rtl/newsletter_template/img/hotel_3.jpg]
[www.ansonika.com/citytours/html_rtl/newsletter_template/img/hotel_4.jpg]
[www.ansonika.com/citytours/html_rtl/newsletter_template/img/blog_post.jpg]
[www.ansonika.com/citytours/html_rtl/newsletter_template/img/blog_post_2.jpg]
[www.ansonika.com/citytours/html_rtl/newsletter_template/img/bg_footer.jpg]
[www.ansonika.com/citytours/html_rtl/newsletter_template/newsletter.html]
[www.ansonika.com/citytours/html_rtl/admin.html]
[www.ansonika.com/citytours/html_rtl/img/adventure_icon_1.svg]
[www.ansonika.com/citytours/html_rtl/img/adventure_icon_2.svg]
[www.ansonika.com/citytours/html_rtl/img/adventure_icon_3.svg]
[www.ansonika.com/citytours/rs-plugin/images/gradient/g30.html]
[www.ansonika.com/citytours/rs-plugin/images/gradient/g40.html]
[www.ansonika.com/citytours/rs-plugin/font/revicons90c6.html]
[www.ansonika.com/citytours/rs-plugin/font/revicons90c6.svg]
[www.ansonika.com/citytours/site_launch/fonts/glyphicons-halflings-regular.html]
[www.ansonika.com/citytours/site_launch/fonts/glyphicons-halflings-regulard41d.html]
[www.ansonika.com/citytours/site_launch/fonts/glyphicons-halflings-regular-2.html]
[www.ansonika.com/citytours/site_launch/fonts/glyphicons-halflings-regular-3.html]
[www.ansonika.com/citytours/site_launch/fonts/glyphicons-halflings-regular-4.html]
[www.ansonika.com/citytours/site_launch/fonts/glyphicons-halflings-regular-5.html]
[www.ansonika.com/citytours/img/slider_single_tour/4_large.jpg]
[www.ansonika.com/citytours/img/slider_single_tour/7_large.jpg]
[www.ansonika.com/citytours/site_launch/fontello/font/fontello4508.eot]
[www.ansonika.com/citytours/site_launch/fontello/font/fontello4508.woff]
[www.ansonika.com/citytours/site_launch/fontello/font/fontello4508.html]
[www.ansonika.com/citytours/site_launch/fontello/font/fontello4508.svg]
[www.ansonika.com/citytours/html_rtl/img/arrow_down.svg]
[www.ansonika.com/citytours/html_rtl/img/twitter_icon.svg]
[www.ansonika.com/citytours/html_rtl/img/drag_icon.svg]
[www.ansonika.com/citytours/html_rtl/css/fontello/font/fontello4508.eot]
[www.ansonika.com/citytours/html_rtl/css/fontello/font/fontello4508.woff]
[www.ansonika.com/citytours/html_rtl/css/fontello/font/fontello4508.html]
[www.ansonika.com/citytours/html_rtl/css/fontello/font/fontello4508.svg]
[www.ansonika.com/citytours/html_rtl/css/fontello/font/icon_set_10367.html]
[www.ansonika.com/citytours/html_rtl/css/fontello/font/icon_set_10367.svg]
[www.ansonika.com/citytours/html_rtl/css/fontello/font/icon_set_22249.html]
[www.ansonika.com/citytours/html_rtl/css/fontello/font/icon_set_22249.svg]
[www.ansonika.com/citytours/html_rtl/css/icon_restaurant/fonts/Glyphter.html]
[www.ansonika.com/citytours/html_rtl/css/icon_restaurant/fonts/Glyphter.svg]
[www.ansonika.com/citytours/html_rtl/css/new_icons/font/Pe-icon-7-strokebb1d.html]
[www.ansonika.com/citytours/html_rtl/css/new_icons/font/Pe-icon-7-strokebb1d.svg]
[www.ansonika.com/citytours/html_rtl/css/new_icons/font/ElegantIcons.html]
[www.ansonika.com/citytours/html_rtl/css/new_icons/font/ElegantIcons.svg]
[www.ansonika.com/citytours/html_rtl/rev-slider-files/fonts/font-awesome/fonts/fontawesome-webfont3e6e.eot]
[www.ansonika.com/citytours/html_rtl/rev-slider-files/fonts/font-awesome/fonts/fontawesome-webfontd41d.eot]
[www.ansonika.com/citytours/html_rtl/rev-slider-files/fonts/font-awesome/fonts/fontawesome-webfont3e6e.woff]
[www.ansonika.com/citytours/html_rtl/rev-slider-files/fonts/font-awesome/css/font-awesome.css]
[www.ansonika.com/citytours/html_rtl/rev-slider-files/fonts/revicons/revicons90c6.eot]
[www.ansonika.com/citytours/html_rtl/rev-slider-files/fonts/revicons/revicons90c6.woff]
[www.ansonika.com/citytours/html_rtl/rev-slider-files/css/openhand.123]
[www.ansonika.com/citytours/html_rtl/rev-slider-files/css/closedhand.123]
[www.ansonika.com/citytours/html_rtl/rev-slider-files/css/settings.css]
[www.ansonika.com/citytours/html_rtl/all_tour_list.html]
[www.ansonika.com/citytours/html_rtl/rs-plugin/assets/shadow1.png]
[www.ansonika.com/citytours/html_rtl/rs-plugin/assets/shadow2.png]
[www.ansonika.com/citytours/html_rtl/rs-plugin/assets/shadow3.png]
[www.ansonika.com/citytours/html_rtl/rs-plugin/assets/gridtile.png]
[www.ansonika.com/citytours/html_rtl/rs-plugin/assets/gridtile_white.png]
[www.ansonika.com/citytours/html_rtl/rs-plugin/assets/gridtile_3x3.png]
[www.ansonika.com/citytours/html_rtl/rs-plugin/assets/gridtile_3x3_white.png]
[www.ansonika.com/citytours/html_rtl/rs-plugin/assets/boxed_bgtile.png]
[www.ansonika.com/citytours/html_rtl/rs-plugin/assets/navigdots_bgtile.png]
[www.ansonika.com/citytours/html_rtl/rs-plugin/assets/bullet.png]
[www.ansonika.com/citytours/html_rtl/rs-plugin/assets/bullets.png]
[www.ansonika.com/citytours/html_rtl/rs-plugin/assets/bullets2.png]
[www.ansonika.com/citytours/html_rtl/rs-plugin/assets/bullet_boxed.png]
[www.ansonika.com/citytours/html_rtl/rs-plugin/assets/navigdots.png]
[www.ansonika.com/citytours/html_rtl/rs-plugin/assets/large_left.png]
[www.ansonika.com/citytours/html_rtl/rs-plugin/assets/large_right.png]
[www.ansonika.com/citytours/html_rtl/rs-plugin/assets/small_left.png]
[www.ansonika.com/citytours/html_rtl/rs-plugin/assets/small_right.png]
[www.ansonika.com/citytours/html_rtl/rs-plugin/assets/arrow_left.png]
[www.ansonika.com/citytours/html_rtl/rs-plugin/assets/arrow_right.png]
[www.ansonika.com/citytours/html_rtl/rs-plugin/assets/small_left_boxed.png]
[www.ansonika.com/citytours/html_rtl/rs-plugin/assets/small_right_boxed.png]
[www.ansonika.com/citytours/html_rtl/rs-plugin/assets/arrowleft.png]
[www.ansonika.com/citytours/html_rtl/rs-plugin/assets/arrowright.png]
[www.ansonika.com/citytours/html_rtl/rs-plugin/assets/arrow_left2.png]
[www.ansonika.com/citytours/html_rtl/rs-plugin/assets/arrow_right2.png]
[www.ansonika.com/citytours/html_rtl/rs-plugin/assets/timer.png]
[www.ansonika.com/citytours/html_rtl/rs-plugin/assets/coloredbg.png]
[www.ansonika.com/citytours/html_rtl/rs-plugin/assets/loader.gif]
[www.ansonika.com/citytours/html_rtl/rs-plugin/font/revicons90c6.eot]
[www.ansonika.com/citytours/html_rtl/rs-plugin/font/revicons90c6.woff]
[www.ansonika.com/citytours/html_rtl/rs-plugin/css/settings.css]
[www.ansonika.com/citytours/html_rtl/css/extralayers.css]
[www.ansonika.com/citytours/html_rtl/1&title=0&byline=0&portrait=0&api=1_.html]
[www.ansonika.com/citytours/html_rtl/rev-slider-files/css/layers.css]
[www.ansonika.com/citytours/html_rtl/rev-slider-files/css/navigation.css]
[www.ansonika.com/citytours/html_rtl/rev-slider-files/assets/slide_2.jpg]
[www.ansonika.com/citytours/html_rtl/rev-slider-files/assets/slide_3.jpg]
[www.ansonika.com/citytours/html_rtl/rev-slider-files/assets/slide_5.jpg]
[www.ansonika.com/citytours/html_rtl/rev-slider-files/assets/newspaper_bg3.jpg]
[www.ansonika.com/citytours/html_rtl/layerslider/css/blank.gif]
[www.ansonika.com/citytours/html_rtl/layerslider/css/layerslider.css]
[www.ansonika.com/citytours/html_rtl/img/slider_single_tour/2_large.jpg]
[www.ansonika.com/citytours/html_rtl/img/slider_single_tour/3_large.jpg]
[www.ansonika.com/citytours/html_rtl/img/slider_single_tour/4_large.jpg]
[www.ansonika.com/citytours/html_rtl/img/slider_single_tour/5_large.jpg]
[www.ansonika.com/citytours/html_rtl/img/slider_single_tour/6_large.jpg]
[www.ansonika.com/citytours/html_rtl/img/slider_single_tour/7_large.jpg]
[www.ansonika.com/citytours/html_rtl/img/slider_single_tour/8_large.jpg]
[www.ansonika.com/citytours/html_rtl/img/slider_single_tour/9_large.jpg]
[www.ansonika.com/citytours/html_rtl/confirmation.html]
[www.ansonika.com/citytours/html_rtl/img/restaurant_box_7.jpg]
[www.ansonika.com/citytours/html_rtl/js/jquery.selectbox-0.2.html]
[www.ansonika.com/citytours/html_rtl/img/icon-select.png]
[www.ansonika.com/citytours/html_rtl/css/shop.css]
[www.ansonika.com/citytours/html_rtl/css/shop-rtl.css]
[www.ansonika.com/citytours/html_rtl/css/finaltilesgallery.css]
[www.ansonika.com/citytours/html_rtl/img/close.png]
[www.ansonika.com/citytours/html_rtl/img/loading.gif]
[www.ansonika.com/citytours/html_rtl/img/prev.png]
[www.ansonika.com/citytours/html_rtl/img/next.png]
[www.ansonika.com/citytours/html_rtl/css/lightbox2.css]
[www.ansonika.com/citytours/html_rtl/img/tag_bg.png]
[www.ansonika.com/citytours/html_rtl/css/blog.css]
[www.ansonika.com/citytours/html_rtl/css/blog-rtl.css]
[www.ansonika.com/citytours/html_rtl/blog_post_right_sidebar.html]
[www.ansonika.com/citytours/html_rtl/blog_post.html]
[www.ansonika.com/citytours/html_rtl/site_launch/css/bootstrap.min.css]
[www.ansonika.com/citytours/html_rtl/site_launch/css/style.css]
[www.ansonika.com/citytours/html_rtl/site_launch/fontello/font/fontello4508.eot]
[www.ansonika.com/citytours/html_rtl/site_launch/fontello/font/fontello4508.woff]
[www.ansonika.com/citytours/html_rtl/site_launch/fontello/css/fontello.css]
[www.ansonika.com/citytours/html_rtl/site_launch/fontello/css/animation.css]
[www.ansonika.com/citytours/html_rtl/css/timeline.css]
[www.ansonika.com/citytours/html_rtl/css/timeline-rtl.css]
[www.ansonika.com/citytours/html_rtl/css/admin.css]
[www.ansonika.com/citytours/html_rtl/css/admin-rtl.css]
[www.ansonika.com/citytours/html_rtl/rev-slider-files/fonts/font-awesome/fonts/fontawesome-webfont3e6e.html]
[www.ansonika.com/citytours/html_rtl/rev-slider-files/fonts/font-awesome/fonts/fontawesome-webfont3e6e-2.html]
[www.ansonika.com/citytours/html_rtl/rev-slider-files/fonts/font-awesome/fonts/fontawesome-webfont3e6e.svg]
[www.ansonika.com/citytours/html_rtl/rev-slider-files/fonts/revicons/revicons90c6.html]
[www.ansonika.com/citytours/html_rtl/rev-slider-files/fonts/revicons/revicons90c6.svg]
[www.ansonika.com/citytours/html_rtl/rev-slider-files/assets/gridtile.html]
[www.ansonika.com/citytours/html_rtl/rev-slider-files/assets/gridtile_white.html]
[www.ansonika.com/citytours/html_rtl/rev-slider-files/assets/gridtile_3x3.html]
[www.ansonika.com/citytours/html_rtl/rev-slider-files/assets/gridtile_3x3_white.html]
[www.ansonika.com/citytours/html_rtl/rev-slider-files/assets/coloredbg.html]
[www.ansonika.com/citytours/html_rtl/rev-slider-files/assets/loader.html]
[www.ansonika.com/citytours/html_rtl/rs-plugin/images/gradient/g30.html]
[www.ansonika.com/citytours/html_rtl/rs-plugin/images/gradient/g40.html]
[www.ansonika.com/citytours/html_rtl/rs-plugin/font/revicons90c6.html]
[www.ansonika.com/citytours/html_rtl/rs-plugin/font/revicons90c6.svg]
[www.ansonika.com/citytours/html_rtl/img/slider_single_tour/7_large.jpg]
[www.ansonika.com/citytours/html_rtl/site_launch/fonts/glyphicons-halflings-regular.html]
[www.ansonika.com/citytours/html_rtl/site_launch/fonts/glyphicons-halflings-regulard41d.html]
[www.ansonika.com/citytours/html_rtl/site_launch/fonts/glyphicons-halflings-regular-2.html]
[www.ansonika.com/citytours/html_rtl/site_launch/fonts/glyphicons-halflings-regular-3.html]
[www.ansonika.com/citytours/html_rtl/site_launch/fonts/glyphicons-halflings-regular-4.html]
[www.ansonika.com/citytours/html_rtl/site_launch/fonts/glyphicons-halflings-regular-5.html]
[www.ansonika.com/citytours/html_rtl/site_launch/fontello/font/fontello4508.eot]
[www.ansonika.com/citytours/html_rtl/site_launch/fontello/font/fontello4508.html]
[www.ansonika.com/citytours/html_rtl/site_launch/fontello/font/fontello4508.svg]
